SQL> 
SQL> -- Execute the script file. --
SQL> start &&1
SQL> --users 1
SQL> 
SQL> INSERT ALL
  2    INTO Users (UserID, Username, Password, Email, CreatedAt, UpdatedAt) VALUES (1, 'user1', 'pass1', 'user1@example.com', SYSDATE, SYSDATE)
  3    INTO Users (UserID, Username, Password, Email, CreatedAt, UpdatedAt) VALUES (2, 'user2', 'pass2', 'user2@example.com', SYSDATE, SYSDATE)
  4    INTO Users (UserID, Username, Password, Email, CreatedAt, UpdatedAt) VALUES (3, 'user3', 'pass3', 'user3@example.com', SYSDATE, SYSDATE)
  5    INTO Users (UserID, Username, Password, Email, CreatedAt, UpdatedAt) VALUES (4, 'user4', 'pass4', 'user4@example.com', SYSDATE, SYSDATE)
  6    INTO Users (UserID, Username, Password, Email, CreatedAt, UpdatedAt) VALUES (5, 'user5', 'pass5', 'user5@example.com', SYSDATE, SYSDATE)
  7    INTO Users (UserID, Username, Password, Email, CreatedAt, UpdatedAt) VALUES (6, 'user6', 'pass6', 'user6@example.com', SYSDATE, SYSDATE)
  8    INTO Users (UserID, Username, Password, Email, CreatedAt, UpdatedAt) VALUES (7, 'user7', 'pass7', 'user7@example.com', SYSDATE, SYSDATE)
  9    INTO Users (UserID, Username, Password, Email, CreatedAt, UpdatedAt) VALUES (8, 'user8', 'pass8', 'user8@example.com', SYSDATE, SYSDATE)
 10    INTO Users (UserID, Username, Password, Email, CreatedAt, UpdatedAt) VALUES (9, 'user9', 'pass9', 'user9@example.com', SYSDATE, SYSDATE)
 11    INTO Users (UserID, Username, Password, Email, CreatedAt, UpdatedAt) VALUES (10, 'user10', 'pass10', 'user10@example.com', SYSDATE, SYSDATE)
 12    INTO Users (UserID, Username, Password, Email, CreatedAt, UpdatedAt) VALUES (11, 'user11', 'pass11', 'user11@example.com', SYSDATE, SYSDATE)
 13    INTO Users (UserID, Username, Password, Email, CreatedAt, UpdatedAt) VALUES (12, 'user12', 'pass12', 'user12@example.com', SYSDATE, SYSDATE)
 14    INTO Users (UserID, Username, Password, Email, CreatedAt, UpdatedAt) VALUES (13, 'user13', 'pass13', 'user13@example.com', SYSDATE, SYSDATE)
 15    INTO Users (UserID, Username, Password, Email, CreatedAt, UpdatedAt) VALUES (14, 'user14', 'pass14', 'user14@example.com', SYSDATE, SYSDATE)
 16    INTO Users (UserID, Username, Password, Email, CreatedAt, UpdatedAt) VALUES (15, 'user15', 'pass15', 'user15@example.com', SYSDATE, SYSDATE)
 17  SELECT * FROM dual;

15 rows created.

SQL> 
SQL> --roles 2
SQL> 
SQL> INSERT ALL
  2    INTO Roles (RoleID, Name) VALUES (1, 'Administrator')
  3    INTO Roles (RoleID, Name) VALUES (2, 'Trader')
  4    INTO Roles (RoleID, Name) VALUES (3, 'Analyst')
  5    INTO Roles (RoleID, Name) VALUES (4, 'Broker')
  6    INTO Roles (RoleID, Name) VALUES (5, 'Auditor')
  7    INTO Roles (RoleID, Name) VALUES (6, 'Consultant')
  8    INTO Roles (RoleID, Name) VALUES (7, 'Manager')
  9    INTO Roles (RoleID, Name) VALUES (8, 'Intern')
 10    INTO Roles (RoleID, Name) VALUES (9, 'Director')
 11    INTO Roles (RoleID, Name) VALUES (10, 'Vice President')
 12    INTO Roles (RoleID, Name) VALUES (11, 'President')
 13    INTO Roles (RoleID, Name) VALUES (12, 'CEO')
 14    INTO Roles (RoleID, Name) VALUES (13, 'CTO')
 15    INTO Roles (RoleID, Name) VALUES (14, 'CFO')
 16    INTO Roles (RoleID, Name) VALUES (15, 'COO')
 17  SELECT * FROM dual;

15 rows created.

SQL> 
SQL> 
SQL> 
SQL> 
SQL> --UserGroups 3
SQL> 
SQL> INSERT ALL
  2    INTO UserGroups (GroupID, Name, Description) VALUES (1, 'Group Alpha', 'Alpha group description')
  3    INTO UserGroups (GroupID, Name, Description) VALUES (2, 'Group Beta', 'Beta group description')
  4    INTO UserGroups (GroupID, Name, Description) VALUES (3, 'Group Gamma', 'Gamma group description')
  5    INTO UserGroups (GroupID, Name, Description) VALUES (4, 'Group Delta', 'Delta group description')
  6    INTO UserGroups (GroupID, Name, Description) VALUES (5, 'Group Epsilon', 'Epsilon group description')
  7    INTO UserGroups (GroupID, Name, Description) VALUES (6, 'Group Zeta', 'Zeta group description')
  8    INTO UserGroups (GroupID, Name, Description) VALUES (7, 'Group Eta', 'Eta group description')
  9    INTO UserGroups (GroupID, Name, Description) VALUES (8, 'Group Theta', 'Theta group description')
 10    INTO UserGroups (GroupID, Name, Description) VALUES (9, 'Group Iota', 'Iota group description')
 11    INTO UserGroups (GroupID, Name, Description) VALUES (10, 'Group Kappa', 'Kappa group description')
 12    INTO UserGroups (GroupID, Name, Description) VALUES (11, 'Group Lambda', 'Lambda group description')
 13    INTO UserGroups (GroupID, Name, Description) VALUES (12, 'Group Mu', 'Mu group description')
 14    INTO UserGroups (GroupID, Name, Description) VALUES (13, 'Group Nu', 'Nu group description')
 15    INTO UserGroups (GroupID, Name, Description) VALUES (14, 'Group Xi', 'Xi group description')
 16    INTO UserGroups (GroupID, Name, Description) VALUES (15, 'Group Omicron', 'Omicron group description')
 17  SELECT * FROM dual;

15 rows created.

SQL> 
SQL> --Instruments 4
SQL> 
SQL> INSERT ALL
  2    INTO Instruments (InstrumentID, Name, Symbol, Type) VALUES (1, 'Alpha Inc', 'ALP', 'Stock')
  3    INTO Instruments (InstrumentID, Name, Symbol, Type) VALUES (2, 'Beta LLC', 'BET', 'Bond')
  4    INTO Instruments (InstrumentID, Name, Symbol, Type) VALUES (3, 'Gamma Co', 'GAM', 'ETF')
  5    INTO Instruments (InstrumentID, Name, Symbol, Type) VALUES (4, 'Delta Ltd', 'DEL', 'Stock')
  6    INTO Instruments (InstrumentID, Name, Symbol, Type) VALUES (5, 'Epsilon Corp', 'EPS', 'Bond')
  7    INTO Instruments (InstrumentID, Name, Symbol, Type) VALUES (6, 'Zeta Pty', 'ZET', 'ETF')
  8    INTO Instruments (InstrumentID, Name, Symbol, Type) VALUES (7, 'Eta GmbH', 'ETA', 'Stock')
  9    INTO Instruments (InstrumentID, Name, Symbol, Type) VALUES (8, 'Theta S.A.', 'THE', 'Bond')
 10    INTO Instruments (InstrumentID, Name, Symbol, Type) VALUES (9, 'Iota Inc', 'IOT', 'ETF')
 11    INTO Instruments (InstrumentID, Name, Symbol, Type) VALUES (10, 'Kappa Co', 'KAP', 'Stock')
 12    INTO Instruments (InstrumentID, Name, Symbol, Type) VALUES (11, 'Lambda LLC', 'LAM', 'Bond')
 13    INTO Instruments (InstrumentID, Name, Symbol, Type) VALUES (12, 'Mu Ltd', 'MU', 'ETF')
 14    INTO Instruments (InstrumentID, Name, Symbol, Type) VALUES (13, 'Nu Corp', 'NU', 'Stock')
 15    INTO Instruments (InstrumentID, Name, Symbol, Type) VALUES (14, 'Xi Pty', 'XI', 'Bond')
 16    INTO Instruments (InstrumentID, Name, Symbol, Type) VALUES (15, 'Omicron GmbH', 'OMI', 'ETF')
 17  SELECT * FROM dual;

15 rows created.

SQL> 
SQL> --Exchanges 5
SQL> 
SQL> INSERT ALL
  2    INTO Exchanges (ExchangeID, Name, Country, Currency) VALUES (1, 'NYSE', 'USA', 'USD')
  3    INTO Exchanges (ExchangeID, Name, Country, Currency) VALUES (2, 'NASDAQ', 'USA', 'USD')
  4    INTO Exchanges (ExchangeID, Name, Country, Currency) VALUES (3, 'Tokyo Stock Exchange', 'Japan', 'JPY')
  5    INTO Exchanges (ExchangeID, Name, Country, Currency) VALUES (4, 'London Stock Exchange', 'UK', 'GBP')
  6    INTO Exchanges (ExchangeID, Name, Country, Currency) VALUES (5, 'Shanghai Stock Exchange', 'China', 'CNY')
  7    INTO Exchanges (ExchangeID, Name, Country, Currency) VALUES (6, 'Toronto Stock Exchange', 'Canada', 'CAD')
  8    INTO Exchanges (ExchangeID, Name, Country, Currency) VALUES (7, 'Australian Securities Exchange', 'Australia', 'AUD')
  9    INTO Exchanges (ExchangeID, Name, Country, Currency) VALUES (8, 'Euronext', 'EU', 'EUR')
 10    INTO Exchanges (ExchangeID, Name, Country, Currency) VALUES (9, 'Hong Kong Stock Exchange', 'Hong Kong', 'HKD')
 11    INTO Exchanges (ExchangeID, Name, Country, Currency) VALUES (10, 'Frankfurt Stock Exchange', 'Germany', 'EUR')
 12    INTO Exchanges (ExchangeID, Name, Country, Currency) VALUES (11, 'Swiss Exchange', 'Switzerland', 'CHF')
 13    INTO Exchanges (ExchangeID, Name, Country, Currency) VALUES (12, 'Johannesburg Stock Exchange', 'South Africa', 'ZAR')
 14    INTO Exchanges (ExchangeID, Name, Country, Currency) VALUES (13, 'BME Spanish Exchanges', 'Spain', 'EUR')
 15    INTO Exchanges (ExchangeID, Name, Country, Currency) VALUES (14, 'Borsa Ä°stanbul', 'Turkey', 'TRY')
 16    INTO Exchanges (ExchangeID, Name, Country, Currency) VALUES (15, 'Bombay Stock Exchange', 'India', 'INR')
 17  SELECT * FROM dual;

15 rows created.

SQL> 
SQL> 
SQL> --UserProfiles 6
SQL> 
SQL> INSERT ALL
  2    INTO UserProfiles (ProfileID, UserID, FirstName, LastName, DOB, Country) VALUES (1, 1, 'John', 'Doe', TO_DATE('1990-01-01', 'YYYY-MM-DD'), 'USA')
  3    INTO UserProfiles (ProfileID, UserID, FirstName, LastName, DOB, Country) VALUES (2, 2, 'Jane', 'Smith', TO_DATE('1985-02-02', 'YYYY-MM-DD'), 'Canada')
  4    INTO UserProfiles (ProfileID, UserID, FirstName, LastName, DOB, Country) VALUES (3, 3, 'Emily', 'Johnson', TO_DATE('1992-03-03', 'YYYY-MM-DD'), 'UK')
  5    INTO UserProfiles (ProfileID, UserID, FirstName, LastName, DOB, Country) VALUES (4, 4, 'Chris', 'Brown', TO_DATE('1988-04-04', 'YYYY-MM-DD'), 'Australia')
  6    INTO UserProfiles (ProfileID, UserID, FirstName, LastName, DOB, Country) VALUES (5, 5, 'Patricia', 'Williams', TO_DATE('1993-05-05', 'YYYY-MM-DD'), 'USA')
  7    INTO UserProfiles (ProfileID, UserID, FirstName, LastName, DOB, Country) VALUES (6, 6, 'Michael', 'Jones', TO_DATE('1987-06-06', 'YYYY-MM-DD'), 'USA')
  8    INTO UserProfiles (ProfileID, UserID, FirstName, LastName, DOB, Country) VALUES (7, 7, 'Linda', 'Miller', TO_DATE('1991-07-07', 'YYYY-MM-DD'), 'Canada')
  9    INTO UserProfiles (ProfileID, UserID, FirstName, LastName, DOB, Country) VALUES (8, 8, 'Robert', 'Davis', TO_DATE('1989-08-08', 'YYYY-MM-DD'), 'UK')
 10    INTO UserProfiles (ProfileID, UserID, FirstName, LastName, DOB, Country) VALUES (9, 9, 'Barbara', 'Garcia', TO_DATE('1990-09-09', 'YYYY-MM-DD'), 'Australia')
 11    INTO UserProfiles (ProfileID, UserID, FirstName, LastName, DOB, Country) VALUES (10, 10, 'William', 'Martinez', TO_DATE('1986-10-10', 'YYYY-MM-DD'), 'USA')
 12    INTO UserProfiles (ProfileID, UserID, FirstName, LastName, DOB, Country) VALUES (11, 11, 'Susan', 'Wilson', TO_DATE('1984-11-11', 'YYYY-MM-DD'), 'Canada')
 13    INTO UserProfiles (ProfileID, UserID, FirstName, LastName, DOB, Country) VALUES (12, 12, 'James', 'Anderson', TO_DATE('1992-12-12', 'YYYY-MM-DD'), 'UK')
 14    INTO UserProfiles (ProfileID, UserID, FirstName, LastName, DOB, Country) VALUES (13, 13, 'Karen', 'Thomas', TO_DATE('1991-01-13', 'YYYY-MM-DD'), 'Australia')
 15    INTO UserProfiles (ProfileID, UserID, FirstName, LastName, DOB, Country) VALUES (14, 14, 'Brian', 'Taylor', TO_DATE('1987-02-14', 'YYYY-MM-DD'), 'USA')
 16    INTO UserProfiles (ProfileID, UserID, FirstName, LastName, DOB, Country) VALUES (15, 15, 'Lisa', 'Moore', TO_DATE('1985-03-15', 'YYYY-MM-DD'), 'Canada')
 17  SELECT * FROM dual;

15 rows created.

SQL> 
SQL> 
SQL> --Accounts 7
SQL> 
SQL> 
SQL> INSERT ALL
  2    INTO Accounts (AccountID, UserID, Balance, Currency) VALUES (1, 1, 10000, 'USD')
  3    INTO Accounts (AccountID, UserID, Balance, Currency) VALUES (2, 2, 12000, 'CAD')
  4    INTO Accounts (AccountID, UserID, Balance, Currency) VALUES (3, 3, 8000, 'GBP')
  5    INTO Accounts (AccountID, UserID, Balance, Currency) VALUES (4, 4, 15000, 'AUD')
  6    INTO Accounts (AccountID, UserID, Balance, Currency) VALUES (5, 5, 5000, 'EUR')
  7    INTO Accounts (AccountID, UserID, Balance, Currency) VALUES (6, 6, 9500, 'USD')
  8    INTO Accounts (AccountID, UserID, Balance, Currency) VALUES (7, 7, 7600, 'CAD')
  9    INTO Accounts (AccountID, UserID, Balance, Currency) VALUES (8, 8, 6400, 'GBP')
 10    INTO Accounts (AccountID, UserID, Balance, Currency) VALUES (9, 9, 10200, 'AUD')
 11    INTO Accounts (AccountID, UserID, Balance, Currency) VALUES (10, 10, 5500, 'EUR')
 12    INTO Accounts (AccountID, UserID, Balance, Currency) VALUES (11, 11, 8700, 'USD')
 13    INTO Accounts (AccountID, UserID, Balance, Currency) VALUES (12, 12, 12300, 'CAD')
 14    INTO Accounts (AccountID, UserID, Balance, Currency) VALUES (13, 13, 7300, 'GBP')
 15    INTO Accounts (AccountID, UserID, Balance, Currency) VALUES (14, 14, 11100, 'AUD')
 16    INTO Accounts (AccountID, UserID, Balance, Currency) VALUES (15, 15, 4600, 'EUR')
 17  SELECT * FROM dual;

15 rows created.

SQL> 
SQL> --wallets 8
SQL> 
SQL> INSERT ALL
  2    INTO Wallets (WalletID, UserID, Currency, Balance) VALUES (1, 1, 'USD', 5000.00)
  3    INTO Wallets (WalletID, UserID, Currency, Balance) VALUES (2, 2, 'EUR', 3000.00)
  4    INTO Wallets (WalletID, UserID, Currency, Balance) VALUES (3, 3, 'JPY', 700000)
  5    INTO Wallets (WalletID, UserID, Currency, Balance) VALUES (4, 4, 'USD', 4500.00)
  6    INTO Wallets (WalletID, UserID, Currency, Balance) VALUES (5, 5, 'EUR', 2500.00)
  7    INTO Wallets (WalletID, UserID, Currency, Balance) VALUES (6, 6, 'JPY', 600000)
  8    INTO Wallets (WalletID, UserID, Currency, Balance) VALUES (7, 7, 'USD', 5500.00)
  9    INTO Wallets (WalletID, UserID, Currency, Balance) VALUES (8, 8, 'EUR', 3200.00)
 10    INTO Wallets (WalletID, UserID, Currency, Balance) VALUES (9, 9, 'JPY', 800000)
 11    INTO Wallets (WalletID, UserID, Currency, Balance) VALUES (10, 10, 'USD', 4800.00)
 12    INTO Wallets (WalletID, UserID, Currency, Balance) VALUES (11, 11, 'EUR', 2700.00)
 13    INTO Wallets (WalletID, UserID, Currency, Balance) VALUES (12, 12, 'JPY', 650000)
 14    INTO Wallets (WalletID, UserID, Currency, Balance) VALUES (13, 13, 'USD', 5200.00)
 15    INTO Wallets (WalletID, UserID, Currency, Balance) VALUES (14, 14, 'EUR', 2900.00)
 16    INTO Wallets (WalletID, UserID, Currency, Balance) VALUES (15, 15, 'JPY', 750000)
 17  SELECT * FROM dual;

15 rows created.

SQL> 
SQL> 
SQL> --Apikeys 9
SQL> 
SQL> INSERT ALL
  2    INTO APIKeys (KeyID, UserID, APIKey, APISecret) VALUES (1, 1, 'APIKey1', 'Secret1')
  3    INTO APIKeys (KeyID, UserID, APIKey, APISecret) VALUES (2, 2, 'APIKey2', 'Secret2')
  4    INTO APIKeys (KeyID, UserID, APIKey, APISecret) VALUES (3, 3, 'APIKey3', 'Secret3')
  5    INTO APIKeys (KeyID, UserID, APIKey, APISecret) VALUES (4, 4, 'APIKey4', 'Secret4')
  6    INTO APIKeys (KeyID, UserID, APIKey, APISecret) VALUES (5, 5, 'APIKey5', 'Secret5')
  7    INTO APIKeys (KeyID, UserID, APIKey, APISecret) VALUES (6, 6, 'APIKey6', 'Secret6')
  8    INTO APIKeys (KeyID, UserID, APIKey, APISecret) VALUES (7, 7, 'APIKey7', 'Secret7')
  9    INTO APIKeys (KeyID, UserID, APIKey, APISecret) VALUES (8, 8, 'APIKey8', 'Secret8')
 10    INTO APIKeys (KeyID, UserID, APIKey, APISecret) VALUES (9, 9, 'APIKey9', 'Secret9')
 11    INTO APIKeys (KeyID, UserID, APIKey, APISecret) VALUES (10, 10, 'APIKey10', 'Secret10')
 12    INTO APIKeys (KeyID, UserID, APIKey, APISecret) VALUES (11, 11, 'APIKey11', 'Secret11')
 13    INTO APIKeys (KeyID, UserID, APIKey, APISecret) VALUES (12, 12, 'APIKey12', 'Secret12')
 14    INTO APIKeys (KeyID, UserID, APIKey, APISecret) VALUES (13, 13, 'APIKey13', 'Secret13')
 15    INTO APIKeys (KeyID, UserID, APIKey, APISecret) VALUES (14, 14, 'APIKey14', 'Secret14')
 16    INTO APIKeys (KeyID, UserID, APIKey, APISecret) VALUES (15, 15, 'APIKey15', 'Secret15')
 17  SELECT * FROM dual;

15 rows created.

SQL> 
SQL> --Usersessions 10
SQL> 
SQL> INSERT ALL
  2    INTO UserSessions (SessionID, UserID, Token, ExpiresAt) VALUES (1, 1, 'token1', SYSDATE + 7)
  3    INTO UserSessions (SessionID, UserID, Token, ExpiresAt) VALUES (2, 2, 'token2', SYSDATE + 7)
  4    INTO UserSessions (SessionID, UserID, Token, ExpiresAt) VALUES (3, 3, 'token3', SYSDATE + 7)
  5    INTO UserSessions (SessionID, UserID, Token, ExpiresAt) VALUES (4, 4, 'token4', SYSDATE + 7)
  6    INTO UserSessions (SessionID, UserID, Token, ExpiresAt) VALUES (5, 5, 'token5', SYSDATE + 7)
  7    INTO UserSessions (SessionID, UserID, Token, ExpiresAt) VALUES (6, 6, 'token6', SYSDATE + 7)
  8    INTO UserSessions (SessionID, UserID, Token, ExpiresAt) VALUES (7, 7, 'token7', SYSDATE + 7)
  9    INTO UserSessions (SessionID, UserID, Token, ExpiresAt) VALUES (8, 8, 'token8', SYSDATE + 7)
 10    INTO UserSessions (SessionID, UserID, Token, ExpiresAt) VALUES (9, 9, 'token9', SYSDATE + 7)
 11    INTO UserSessions (SessionID, UserID, Token, ExpiresAt) VALUES (10, 10, 'token10', SYSDATE + 7)
 12    INTO UserSessions (SessionID, UserID, Token, ExpiresAt) VALUES (11, 11, 'token11', SYSDATE + 7)
 13    INTO UserSessions (SessionID, UserID, Token, ExpiresAt) VALUES (12, 12, 'token12', SYSDATE + 7)
 14    INTO UserSessions (SessionID, UserID, Token, ExpiresAt) VALUES (13, 13, 'token13', SYSDATE + 7)
 15    INTO UserSessions (SessionID, UserID, Token, ExpiresAt) VALUES (14, 14, 'token14', SYSDATE + 7)
 16    INTO UserSessions (SessionID, UserID, Token, ExpiresAt) VALUES (15, 15, 'token15', SYSDATE + 7)
 17  SELECT * FROM dual;

15 rows created.

SQL> 
SQL> --Userroles 11
SQL> 
SQL> INSERT ALL
  2    INTO UserRoles (UserRoleID, UserID, RoleID) VALUES (1, 1, 1)
  3    INTO UserRoles (UserRoleID, UserID, RoleID) VALUES (2, 2, 2)
  4    INTO UserRoles (UserRoleID, UserID, RoleID) VALUES (3, 3, 3)
  5    INTO UserRoles (UserRoleID, UserID, RoleID) VALUES (4, 4, 4)
  6    INTO UserRoles (UserRoleID, UserID, RoleID) VALUES (5, 5, 5)
  7    INTO UserRoles (UserRoleID, UserID, RoleID) VALUES (6, 6, 6)
  8    INTO UserRoles (UserRoleID, UserID, RoleID) VALUES (7, 7, 7)
  9    INTO UserRoles (UserRoleID, UserID, RoleID) VALUES (8, 8, 8)
 10    INTO UserRoles (UserRoleID, UserID, RoleID) VALUES (9, 9, 9)
 11    INTO UserRoles (UserRoleID, UserID, RoleID) VALUES (10, 10, 10)
 12    INTO UserRoles (UserRoleID, UserID, RoleID) VALUES (11, 11, 11)
 13    INTO UserRoles (UserRoleID, UserID, RoleID) VALUES (12, 12, 12)
 14    INTO UserRoles (UserRoleID, UserID, RoleID) VALUES (13, 13, 13)
 15    INTO UserRoles (UserRoleID, UserID, RoleID) VALUES (14, 14, 14)
 16    INTO UserRoles (UserRoleID, UserID, RoleID) VALUES (15, 15, 15)
 17  SELECT * FROM dual;

15 rows created.

SQL> 
SQL> --UserGroupMembers 12
SQL> 
SQL> INSERT ALL
  2    INTO UserGroupMembers (UserGroupMemberID, UserID, GroupID) VALUES (1, 1, 1)
  3    INTO UserGroupMembers (UserGroupMemberID, UserID, GroupID) VALUES (2, 2, 2)
  4    INTO UserGroupMembers (UserGroupMemberID, UserID, GroupID) VALUES (3, 3, 3)
  5    INTO UserGroupMembers (UserGroupMemberID, UserID, GroupID) VALUES (4, 4, 4)
  6    INTO UserGroupMembers (UserGroupMemberID, UserID, GroupID) VALUES (5, 5, 5)
  7    INTO UserGroupMembers (UserGroupMemberID, UserID, GroupID) VALUES (6, 6, 6)
  8    INTO UserGroupMembers (UserGroupMemberID, UserID, GroupID) VALUES (7, 7, 7)
  9    INTO UserGroupMembers (UserGroupMemberID, UserID, GroupID) VALUES (8, 8, 8)
 10    INTO UserGroupMembers (UserGroupMemberID, UserID, GroupID) VALUES (9, 9, 9)
 11    INTO UserGroupMembers (UserGroupMemberID, UserID, GroupID) VALUES (10, 10, 10)
 12    INTO UserGroupMembers (UserGroupMemberID, UserID, GroupID) VALUES (11, 11, 11)
 13    INTO UserGroupMembers (UserGroupMemberID, UserID, GroupID) VALUES (12, 12, 12)
 14    INTO UserGroupMembers (UserGroupMemberID, UserID, GroupID) VALUES (13, 13, 13)
 15    INTO UserGroupMembers (UserGroupMemberID, UserID, GroupID) VALUES (14, 14, 14)
 16    INTO UserGroupMembers (UserGroupMemberID, UserID, GroupID) VALUES (15, 15, 15)
 17  SELECT * FROM dual;

15 rows created.

SQL> 
SQL> --InstrumentExchangeMapping 13
SQL> 
SQL> INSERT ALL
  2    INTO InstrumentExchangeMapping (MappingID, InstrumentID, ExchangeID) VALUES (1, 1, 1)
  3    INTO InstrumentExchangeMapping (MappingID, InstrumentID, ExchangeID) VALUES (2, 1, 2)
  4    INTO InstrumentExchangeMapping (MappingID, InstrumentID, ExchangeID) VALUES (3, 1, 3)
  5    INTO InstrumentExchangeMapping (MappingID, InstrumentID, ExchangeID) VALUES (4, 2, 1)
  6    INTO InstrumentExchangeMapping (MappingID, InstrumentID, ExchangeID) VALUES (5, 2, 4)
  7    INTO InstrumentExchangeMapping (MappingID, InstrumentID, ExchangeID) VALUES (6, 2, 5)
  8    INTO InstrumentExchangeMapping (MappingID, InstrumentID, ExchangeID) VALUES (7, 3, 2)
  9    INTO InstrumentExchangeMapping (MappingID, InstrumentID, ExchangeID) VALUES (8, 3, 6)
 10    INTO InstrumentExchangeMapping (MappingID, InstrumentID, ExchangeID) VALUES (9, 3, 7)
 11    INTO InstrumentExchangeMapping (MappingID, InstrumentID, ExchangeID) VALUES (10, 4, 1)
 12    INTO InstrumentExchangeMapping (MappingID, InstrumentID, ExchangeID) VALUES (11, 4, 8)
 13    INTO InstrumentExchangeMapping (MappingID, InstrumentID, ExchangeID) VALUES (12, 4, 9)
 14    INTO InstrumentExchangeMapping (MappingID, InstrumentID, ExchangeID) VALUES (13, 5, 2)
 15    INTO InstrumentExchangeMapping (MappingID, InstrumentID, ExchangeID) VALUES (14, 5, 10)
 16    INTO InstrumentExchangeMapping (MappingID, InstrumentID, ExchangeID) VALUES (15, 5, 11)
 17  SELECT * FROM dual;

15 rows created.

SQL> 
SQL> --Orders 14
SQL> 
SQL> INSERT ALL
  2   INTO Orders (OrderID, UserID, InstrumentID, Type, Status, CreatedAt, UpdatedAt) VALUES  (1, 1, 1, 'Buy', 'Open', SYSDATE, SYSDATE)
  3   INTO Orders (OrderID, UserID, InstrumentID, Type, Status, CreatedAt, UpdatedAt) VALUES (2, 2, 2, 'Sell', 'Closed', SYSDATE, SYSDATE)
  4   INTO Orders (OrderID, UserID, InstrumentID, Type, Status, CreatedAt, UpdatedAt) VALUES (3, 3, 3, 'Buy', 'Open', SYSDATE, SYSDATE)
  5   INTO Orders (OrderID, UserID, InstrumentID, Type, Status, CreatedAt, UpdatedAt) VALUES (4, 4, 4, 'Sell', 'Executed', SYSDATE, SYSDATE)
  6   INTO Orders (OrderID, UserID, InstrumentID, Type, Status, CreatedAt, UpdatedAt) VALUES (5, 5, 5, 'Buy', 'Cancelled', SYSDATE, SYSDATE)
  7   INTO Orders (OrderID, UserID, InstrumentID, Type, Status, CreatedAt, UpdatedAt) VALUES (6, 6, 6, 'Sell', 'Open', SYSDATE, SYSDATE)
  8   INTO Orders (OrderID, UserID, InstrumentID, Type, Status, CreatedAt, UpdatedAt) VALUES (7, 7, 7, 'Buy', 'Closed', SYSDATE, SYSDATE)
  9   INTO Orders (OrderID, UserID, InstrumentID, Type, Status, CreatedAt, UpdatedAt) VALUES (8, 8, 8, 'Sell', 'Executed', SYSDATE, SYSDATE)
 10   INTO Orders (OrderID, UserID, InstrumentID, Type, Status, CreatedAt, UpdatedAt) VALUES (9, 9, 9, 'Buy', 'Cancelled', SYSDATE, SYSDATE)
 11   INTO Orders (OrderID, UserID, InstrumentID, Type, Status, CreatedAt, UpdatedAt) VALUES (10, 10, 10, 'Sell', 'Open', SYSDATE, SYSDATE)
 12   INTO Orders (OrderID, UserID, InstrumentID, Type, Status, CreatedAt, UpdatedAt) VALUES (11, 11, 11, 'Buy', 'Closed', SYSDATE, SYSDATE)
 13   INTO Orders (OrderID, UserID, InstrumentID, Type, Status, CreatedAt, UpdatedAt) VALUES (12, 12, 12, 'Sell', 'Executed', SYSDATE, SYSDATE)
 14   INTO Orders (OrderID, UserID, InstrumentID, Type, Status, CreatedAt, UpdatedAt) VALUES (13, 13, 13, 'Buy', 'Cancelled', SYSDATE, SYSDATE)
 15   INTO Orders (OrderID, UserID, InstrumentID, Type, Status, CreatedAt, UpdatedAt) VALUES (14, 14, 14, 'Sell', 'Open', SYSDATE, SYSDATE)
 16   INTO Orders (OrderID, UserID, InstrumentID, Type, Status, CreatedAt, UpdatedAt) VALUES (15, 15, 15, 'Buy', 'Closed', SYSDATE, SYSDATE)
 17  SELECT * FROM dual;

15 rows created.

SQL> 
SQL> --OrderDetails 15
SQL> 
SQL> INSERT ALL
  2    INTO OrderDetails (DetailID, OrderID, Price, Quantity) VALUES (1, 1, 100.50, 10)
  3    INTO OrderDetails (DetailID, OrderID, Price, Quantity) VALUES (2, 1, 101.75, 5)
  4    INTO OrderDetails (DetailID, OrderID, Price, Quantity) VALUES (3, 2, 200.00, 8)
  5    INTO OrderDetails (DetailID, OrderID, Price, Quantity) VALUES (4, 2, 202.50, 10)
  6    INTO OrderDetails (DetailID, OrderID, Price, Quantity) VALUES (5, 3, 150.25, 12)
  7    INTO OrderDetails (DetailID, OrderID, Price, Quantity) VALUES (6, 3, 151.00, 6)
  8    INTO OrderDetails (DetailID, OrderID, Price, Quantity) VALUES (7, 4, 50.50, 20)
  9    INTO OrderDetails (DetailID, OrderID, Price, Quantity) VALUES (8, 4, 49.75, 15)
 10    INTO OrderDetails (DetailID, OrderID, Price, Quantity) VALUES (9, 5, 300.00, 5)
 11    INTO OrderDetails (DetailID, OrderID, Price, Quantity) VALUES (10, 5, 305.50, 8)
 12    INTO OrderDetails (DetailID, OrderID, Price, Quantity) VALUES (11, 6, 250.00, 10)
 13    INTO OrderDetails (DetailID, OrderID, Price, Quantity) VALUES (12, 6, 255.25, 12)
 14    INTO OrderDetails (DetailID, OrderID, Price, Quantity) VALUES (13, 7, 175.00, 5)
 15    INTO OrderDetails (DetailID, OrderID, Price, Quantity) VALUES (14, 7, 180.75, 8)
 16    INTO OrderDetails (DetailID, OrderID, Price, Quantity) VALUES (15, 8, 125.50, 10)
 17  SELECT * FROM dual;

15 rows created.

SQL> 
SQL> --Transactions 16
SQL> 
SQL> INSERT ALL
  2    INTO Transactions (TransactionID, OrderID, Timestamp) VALUES (1, 1, SYSDATE)
  3    INTO Transactions (TransactionID, OrderID, Timestamp) VALUES (2, 2, SYSDATE)
  4    INTO Transactions (TransactionID, OrderID, Timestamp) VALUES (3, 3, SYSDATE)
  5    INTO Transactions (TransactionID, OrderID, Timestamp) VALUES (4, 4, SYSDATE)
  6    INTO Transactions (TransactionID, OrderID, Timestamp) VALUES (5, 5, SYSDATE)
  7    INTO Transactions (TransactionID, OrderID, Timestamp) VALUES (6, 6, SYSDATE)
  8    INTO Transactions (TransactionID, OrderID, Timestamp) VALUES (7, 7, SYSDATE)
  9    INTO Transactions (TransactionID, OrderID, Timestamp) VALUES (8, 8, SYSDATE)
 10    INTO Transactions (TransactionID, OrderID, Timestamp) VALUES (9, 9, SYSDATE)
 11    INTO Transactions (TransactionID, OrderID, Timestamp) VALUES (10, 10, SYSDATE)
 12    INTO Transactions (TransactionID, OrderID, Timestamp) VALUES (11, 11, SYSDATE)
 13    INTO Transactions (TransactionID, OrderID, Timestamp) VALUES (12, 12, SYSDATE)
 14    INTO Transactions (TransactionID, OrderID, Timestamp) VALUES (13, 13, SYSDATE)
 15    INTO Transactions (TransactionID, OrderID, Timestamp) VALUES (14, 14, SYSDATE)
 16    INTO Transactions (TransactionID, OrderID, Timestamp) VALUES (15, 15, SYSDATE)
 17  SELECT * FROM dual;

15 rows created.

SQL> 
SQL> --TransactionHistory 17
SQL> 
SQL> INSERT ALL
  2    INTO TransactionHistory (HistoryID, TransactionID, Status, Message) VALUES (1, 1, 'Success', 'Completed without issue')
  3    INTO TransactionHistory (HistoryID, TransactionID, Status, Message) VALUES (2, 2, 'Success', 'Completed without issue')
  4    INTO TransactionHistory (HistoryID, TransactionID, Status, Message) VALUES (3, 3, 'Failed', 'Insufficient funds')
  5    INTO TransactionHistory (HistoryID, TransactionID, Status, Message) VALUES (4, 4, 'Pending', 'Awaiting clearance')
  6    INTO TransactionHistory (HistoryID, TransactionID, Status, Message) VALUES (5, 5, 'Success', 'Completed without issue')
  7    INTO TransactionHistory (HistoryID, TransactionID, Status, Message) VALUES (6, 6, 'Failed', 'Transaction declined')
  8    INTO TransactionHistory (HistoryID, TransactionID, Status, Message) VALUES (7, 7, 'Success', 'Completed without issue')
  9    INTO TransactionHistory (HistoryID, TransactionID, Status, Message) VALUES (8, 8, 'Success', 'Completed without issue')
 10    INTO TransactionHistory (HistoryID, TransactionID, Status, Message) VALUES (9, 9, 'Failed', 'Insufficient funds')
 11    INTO TransactionHistory (HistoryID, TransactionID, Status, Message) VALUES (10, 10, 'Pending', 'Awaiting clearance')
 12    INTO TransactionHistory (HistoryID, TransactionID, Status, Message) VALUES (11, 11, 'Success', 'Completed without issue')
 13    INTO TransactionHistory (HistoryID, TransactionID, Status, Message) VALUES (12, 12, 'Failed', 'Transaction declined')
 14    INTO TransactionHistory (HistoryID, TransactionID, Status, Message) VALUES (13, 13, 'Success', 'Completed without issue')
 15    INTO TransactionHistory (HistoryID, TransactionID, Status, Message) VALUES (14, 14, 'Success', 'Completed without issue')
 16    INTO TransactionHistory (HistoryID, TransactionID, Status, Message) VALUES (15, 15, 'Failed', 'Insufficient funds')
 17  SELECT * FROM dual;

15 rows created.

SQL> 
SQL> --Deposits 18
SQL> 
SQL> INSERT ALL
  2    INTO Deposits (DepositID, WalletID, Amount, Timestamp) VALUES (1, 1, 1000.00, SYSDATE)
  3    INTO Deposits (DepositID, WalletID, Amount, Timestamp) VALUES (2, 2, 800.00, SYSDATE)
  4    INTO Deposits (DepositID, WalletID, Amount, Timestamp) VALUES (3, 3, 50000, SYSDATE)
  5    INTO Deposits (DepositID, WalletID, Amount, Timestamp) VALUES (4, 4, 900.00, SYSDATE)
  6    INTO Deposits (DepositID, WalletID, Amount, Timestamp) VALUES (5, 5, 700.00, SYSDATE)
  7    INTO Deposits (DepositID, WalletID, Amount, Timestamp) VALUES (6, 6, 55000, SYSDATE)
  8    INTO Deposits (DepositID, WalletID, Amount, Timestamp) VALUES (7, 7, 1100.00, SYSDATE)
  9    INTO Deposits (DepositID, WalletID, Amount, Timestamp) VALUES (8, 8, 850.00, SYSDATE)
 10    INTO Deposits (DepositID, WalletID, Amount, Timestamp) VALUES (9, 9, 60000, SYSDATE)
 11    INTO Deposits (DepositID, WalletID, Amount, Timestamp) VALUES (10, 10, 950.00, SYSDATE)
 12    INTO Deposits (DepositID, WalletID, Amount, Timestamp) VALUES (11, 11, 750.00, SYSDATE)
 13    INTO Deposits (DepositID, WalletID, Amount, Timestamp) VALUES (12, 12, 58000, SYSDATE)
 14    INTO Deposits (DepositID, WalletID, Amount, Timestamp) VALUES (13, 13, 1200.00, SYSDATE)
 15    INTO Deposits (DepositID, WalletID, Amount, Timestamp) VALUES (14, 14, 900.00, SYSDATE)
 16    INTO Deposits (DepositID, WalletID, Amount, Timestamp) VALUES (15, 15, 65000, SYSDATE)
 17  SELECT * FROM dual;

15 rows created.

SQL> 
SQL> --Withdrawls 19
SQL> 
SQL> INSERT ALL
  2    INTO Withdrawals (WithdrawalID, WalletID, Amount, Timestamp) VALUES (1, 1, 500.00, SYSDATE)
  3    INTO Withdrawals (WithdrawalID, WalletID, Amount, Timestamp) VALUES (2, 2, 400.00, SYSDATE)
  4    INTO Withdrawals (WithdrawalID, WalletID, Amount, Timestamp) VALUES (3, 3, 30000, SYSDATE)
  5    INTO Withdrawals (WithdrawalID, WalletID, Amount, Timestamp) VALUES (4, 4, 450.00, SYSDATE)
  6    INTO Withdrawals (WithdrawalID, WalletID, Amount, Timestamp) VALUES (5, 5, 350.00, SYSDATE)
  7    INTO Withdrawals (WithdrawalID, WalletID, Amount, Timestamp) VALUES (6, 6, 25000, SYSDATE)
  8    INTO Withdrawals (WithdrawalID, WalletID, Amount, Timestamp) VALUES (7, 7, 550.00, SYSDATE)
  9    INTO Withdrawals (WithdrawalID, WalletID, Amount, Timestamp) VALUES (8, 8, 420.00, SYSDATE)
 10    INTO Withdrawals (WithdrawalID, WalletID, Amount, Timestamp) VALUES (9, 9, 32000, SYSDATE)
 11    INTO Withdrawals (WithdrawalID, WalletID, Amount, Timestamp) VALUES (10, 10, 480.00, SYSDATE)
 12    INTO Withdrawals (WithdrawalID, WalletID, Amount, Timestamp) VALUES (11, 11, 370.00, SYSDATE)
 13    INTO Withdrawals (WithdrawalID, WalletID, Amount, Timestamp) VALUES (12, 12, 27000, SYSDATE)
 14    INTO Withdrawals (WithdrawalID, WalletID, Amount, Timestamp) VALUES (13, 13, 520.00, SYSDATE)
 15    INTO Withdrawals (WithdrawalID, WalletID, Amount, Timestamp) VALUES (14, 14, 390.00, SYSDATE)
 16    INTO Withdrawals (WithdrawalID, WalletID, Amount, Timestamp) VALUES (15, 15, 35000, SYSDATE)
 17  SELECT * FROM dual;

15 rows created.

SQL> 
SQL> --watchlists 20
SQL> 
SQL> INSERT ALL
  2    INTO Watchlists (WatchlistID, UserID) VALUES (1, 1)
  3    INTO Watchlists (WatchlistID, UserID) VALUES (2, 2)
  4    INTO Watchlists (WatchlistID, UserID) VALUES (3, 3)
  5    INTO Watchlists (WatchlistID, UserID) VALUES (4, 4)
  6    INTO Watchlists (WatchlistID, UserID) VALUES (5, 5)
  7    INTO Watchlists (WatchlistID, UserID) VALUES (6, 6)
  8    INTO Watchlists (WatchlistID, UserID) VALUES (7, 7)
  9    INTO Watchlists (WatchlistID, UserID) VALUES (8, 8)
 10    INTO Watchlists (WatchlistID, UserID) VALUES (9, 9)
 11    INTO Watchlists (WatchlistID, UserID) VALUES (10, 10)
 12    INTO Watchlists (WatchlistID, UserID) VALUES (11, 11)
 13    INTO Watchlists (WatchlistID, UserID) VALUES (12, 12)
 14    INTO Watchlists (WatchlistID, UserID) VALUES (13, 13)
 15    INTO Watchlists (WatchlistID, UserID) VALUES (14, 14)
 16    INTO Watchlists (WatchlistID, UserID) VALUES (15, 15)
 17  SELECT * FROM dual;

15 rows created.

SQL> 
SQL> --watchlistItems 21
SQL> 
SQL> INSERT ALL
  2    INTO WatchlistItems (ItemID, WatchlistID, InstrumentID) VALUES (1, 1, 1)
  3    INTO WatchlistItems (ItemID, WatchlistID, InstrumentID) VALUES (2, 1, 2)
  4    INTO WatchlistItems (ItemID, WatchlistID, InstrumentID) VALUES (3, 1, 3)
  5    INTO WatchlistItems (ItemID, WatchlistID, InstrumentID) VALUES (4, 2, 4)
  6    INTO WatchlistItems (ItemID, WatchlistID, InstrumentID) VALUES (5, 2, 5)
  7    INTO WatchlistItems (ItemID, WatchlistID, InstrumentID) VALUES (6, 2, 6)
  8    INTO WatchlistItems (ItemID, WatchlistID, InstrumentID) VALUES (7, 3, 7)
  9    INTO WatchlistItems (ItemID, WatchlistID, InstrumentID) VALUES (8, 3, 8)
 10    INTO WatchlistItems (ItemID, WatchlistID, InstrumentID) VALUES (9, 3, 9)
 11    INTO WatchlistItems (ItemID, WatchlistID, InstrumentID) VALUES (10, 4, 10)
 12    INTO WatchlistItems (ItemID, WatchlistID, InstrumentID) VALUES (11, 4, 11)
 13    INTO WatchlistItems (ItemID, WatchlistID, InstrumentID) VALUES (12, 4, 12)
 14    INTO WatchlistItems (ItemID, WatchlistID, InstrumentID) VALUES (13, 5, 13)
 15    INTO WatchlistItems (ItemID, WatchlistID, InstrumentID) VALUES (14, 5, 14)
 16    INTO WatchlistItems (ItemID, WatchlistID, InstrumentID) VALUES (15, 5, 15)
 17  SELECT * FROM dual;

15 rows created.

SQL> 
SQL> --Notifications 22
SQL> 
SQL> INSERT ALL
  2    INTO Notifications (NotificationID, UserID, Message, Timestamp) VALUES (16, 1, 'Your order has been processed', SYSDATE)
  3    INTO Notifications (NotificationID, UserID, Message, Timestamp) VALUES (17, 2, 'Market alert: Stock prices have changed', SYSDATE)
  4    INTO Notifications (NotificationID, UserID, Message, Timestamp) VALUES (18, 3, 'Your deposit was successful', SYSDATE)
  5    INTO Notifications (NotificationID, UserID, Message, Timestamp) VALUES (19, 4, 'Reminder: Update your profile', SYSDATE)
  6    INTO Notifications (NotificationID, UserID, Message, Timestamp) VALUES (20, 5, 'New feature available now', SYSDATE)
  7    INTO Notifications (NotificationID, UserID, Message, Timestamp) VALUES (21, 6, 'Security update: Please change your password', SYSDATE)
  8    INTO Notifications (NotificationID, UserID, Message, Timestamp) VALUES (22, 7, 'Check out the latest market trends', SYSDATE)
  9    INTO Notifications (NotificationID, UserID, Message, Timestamp) VALUES (23, 8, 'Your withdrawal is complete', SYSDATE)
 10    INTO Notifications (NotificationID, UserID, Message, Timestamp) VALUES (24, 9, 'Upcoming maintenance notification', SYSDATE)
 11    INTO Notifications (NotificationID, UserID, Message, Timestamp) VALUES (25, 10, 'Your API Key has been updated', SYSDATE)
 12    INTO Notifications (NotificationID, UserID, Message, Timestamp) VALUES (26, 11, 'Welcome to our new trading platform', SYSDATE)
 13    INTO Notifications (NotificationID, UserID, Message, Timestamp) VALUES (27, 12, 'Your account settings have been updated', SYSDATE)
 14    INTO Notifications (NotificationID, UserID, Message, Timestamp) VALUES (28, 13, 'You have a new message from support', SYSDATE)
 15    INTO Notifications (NotificationID, UserID, Message, Timestamp) VALUES (29, 14, 'Reminder: Review your recent transactions', SYSDATE)
 16    INTO Notifications (NotificationID, UserID, Message, Timestamp) VALUES (30, 15, 'Alert: Unusual login activity detected', SYSDATE)
 17  SELECT * FROM dual;

15 rows created.

SQL> 
SQL> --logs 23
SQL> 
SQL> INSERT ALL
  2    INTO Logs (LogID, UserID, Action, Timestamp) VALUES (1, 1, 'Logged in', SYSDATE)
  3    INTO Logs (LogID, UserID, Action, Timestamp) VALUES (2, 2, 'Viewed account balance', SYSDATE)
  4    INTO Logs (LogID, UserID, Action, Timestamp) VALUES (3, 3, 'Placed a trade order', SYSDATE)
  5    INTO Logs (LogID, UserID, Action, Timestamp) VALUES (4, 4, 'Logged out', SYSDATE)
  6    INTO Logs (LogID, UserID, Action, Timestamp) VALUES (5, 5, 'Updated settings', SYSDATE)
  7    INTO Logs (LogID, UserID, Action, Timestamp) VALUES (6, 6, 'Checked notifications', SYSDATE)
  8    INTO Logs (LogID, UserID, Action, Timestamp) VALUES (7, 7, 'Contacted support', SYSDATE)
  9    INTO Logs (LogID, UserID, Action, Timestamp) VALUES (8, 8, 'Added to watchlist', SYSDATE)
 10    INTO Logs (LogID, UserID, Action, Timestamp) VALUES (9, 9, 'Removed from watchlist', SYSDATE)
 11    INTO Logs (LogID, UserID, Action, Timestamp) VALUES (10, 10, 'Reviewed portfolio', SYSDATE)
 12    INTO Logs (LogID, UserID, Action, Timestamp) VALUES (11, 11, 'Changed password', SYSDATE)
 13    INTO Logs (LogID, UserID, Action, Timestamp) VALUES (12, 12, 'Downloaded transaction history', SYSDATE)
 14    INTO Logs (LogID, UserID, Action, Timestamp) VALUES (13, 13, 'Made a deposit', SYSDATE)
 15    INTO Logs (LogID, UserID, Action, Timestamp) VALUES (14, 14, 'Requested withdrawal', SYSDATE)
 16    INTO Logs (LogID, UserID, Action, Timestamp) VALUES (15, 15, 'Accessed market data', SYSDATE)
 17  SELECT * FROM dual;

15 rows created.

SQL> 
SQL> 
SQL> --Settings 24
SQL> 
SQL> INSERT ALL
  2    INTO Settings (SettingID, UserID, Key, Value) VALUES (1, 1, 'Language', 'English')
  3    INTO Settings (SettingID, UserID, Key, Value) VALUES (2, 2, 'Alerts', 'Enabled')
  4    INTO Settings (SettingID, UserID, Key, Value) VALUES (3, 3, 'Theme', 'Dark')
  5    INTO Settings (SettingID, UserID, Key, Value) VALUES (4, 4, 'Notifications', 'Email')
  6    INTO Settings (SettingID, UserID, Key, Value) VALUES (5, 5, 'Language', 'Spanish')
  7    INTO Settings (SettingID, UserID, Key, Value) VALUES (6, 6, 'Alerts', 'Disabled')
  8    INTO Settings (SettingID, UserID, Key, Value) VALUES (7, 7, 'Theme', 'Light')
  9    INTO Settings (SettingID, UserID, Key, Value) VALUES (8, 8, 'Notifications', 'SMS')
 10    INTO Settings (SettingID, UserID, Key, Value) VALUES (9, 9, 'Language', 'French')
 11    INTO Settings (SettingID, UserID, Key, Value) VALUES (10, 10, 'Alerts', 'Enabled')
 12    INTO Settings (SettingID, UserID, Key, Value) VALUES (11, 11, 'Theme', 'Dark')
 13    INTO Settings (SettingID, UserID, Key, Value) VALUES (12, 12, 'Notifications', 'Email')
 14    INTO Settings (SettingID, UserID, Key, Value) VALUES (13, 13, 'Language', 'German')
 15    INTO Settings (SettingID, UserID, Key, Value) VALUES (14, 14, 'Alerts', 'Disabled')
 16    INTO Settings (SettingID, UserID, Key, Value) VALUES (15, 15, 'Theme', 'Light')
 17  SELECT * FROM dual;

15 rows created.

SQL> 
SQL> 
SQL> --portfolios 25
SQL> 
SQL> 
SQL> INSERT ALL
  2    INTO Portfolios (PortfolioID, UserID, Name) VALUES (1, 1, 'Tech Growth')
  3    INTO Portfolios (PortfolioID, UserID, Name) VALUES (2, 2, 'Stable Blue Chips')
  4    INTO Portfolios (PortfolioID, UserID, Name) VALUES (3, 3, 'Emerging Markets')
  5    INTO Portfolios (PortfolioID, UserID, Name) VALUES (4, 4, 'High Dividend Yield')
  6    INTO Portfolios (PortfolioID, UserID, Name) VALUES (5, 5, 'Small Cap Stocks')
  7    INTO Portfolios (PortfolioID, UserID, Name) VALUES (6, 6, 'Renewable Energy')
  8    INTO Portfolios (PortfolioID, UserID, Name) VALUES (7, 7, 'Real Estate Investment')
  9    INTO Portfolios (PortfolioID, UserID, Name) VALUES (8, 8, 'Pharmaceuticals')
 10    INTO Portfolios (PortfolioID, UserID, Name) VALUES (9, 9, 'Global Tech Leaders')
 11    INTO Portfolios (PortfolioID, UserID, Name) VALUES (10, 10, 'Automotive Innovations')
 12    INTO Portfolios (PortfolioID, UserID, Name) VALUES (11, 11, 'Consumer Goods')
 13    INTO Portfolios (PortfolioID, UserID, Name) VALUES (12, 12, 'Financial Services')
 14    INTO Portfolios (PortfolioID, UserID, Name) VALUES (13, 13, 'AI and Robotics')
 15    INTO Portfolios (PortfolioID, UserID, Name) VALUES (14, 14, 'Telecommunications')
 16    INTO Portfolios (PortfolioID, UserID, Name) VALUES (15, 15, 'Cybersecurity')
 17  SELECT * FROM dual;

15 rows created.

SQL> 
SQL> --Portfolio Instruments 26
SQL> 
SQL> INSERT ALL
  2    INTO PortfolioInstruments (PortfolioInstrumentID, PortfolioID, InstrumentID) VALUES (1, 1, 1)
  3    INTO PortfolioInstruments (PortfolioInstrumentID, PortfolioID, InstrumentID) VALUES (2, 1, 2)
  4    INTO PortfolioInstruments (PortfolioInstrumentID, PortfolioID, InstrumentID) VALUES (3, 1, 3)
  5    INTO PortfolioInstruments (PortfolioInstrumentID, PortfolioID, InstrumentID) VALUES (4, 2, 4)
  6    INTO PortfolioInstruments (PortfolioInstrumentID, PortfolioID, InstrumentID) VALUES (5, 2, 5)
  7    INTO PortfolioInstruments (PortfolioInstrumentID, PortfolioID, InstrumentID) VALUES (6, 2, 6)
  8    INTO PortfolioInstruments (PortfolioInstrumentID, PortfolioID, InstrumentID) VALUES (7, 3, 7)
  9    INTO PortfolioInstruments (PortfolioInstrumentID, PortfolioID, InstrumentID) VALUES (8, 3, 8)
 10    INTO PortfolioInstruments (PortfolioInstrumentID, PortfolioID, InstrumentID) VALUES (9, 3, 9)
 11    INTO PortfolioInstruments (PortfolioInstrumentID, PortfolioID, InstrumentID) VALUES (10, 4, 10)
 12    INTO PortfolioInstruments (PortfolioInstrumentID, PortfolioID, InstrumentID) VALUES (11, 4, 11)
 13    INTO PortfolioInstruments (PortfolioInstrumentID, PortfolioID, InstrumentID) VALUES (12, 4, 12)
 14    INTO PortfolioInstruments (PortfolioInstrumentID, PortfolioID, InstrumentID) VALUES (13, 5, 13)
 15    INTO PortfolioInstruments (PortfolioInstrumentID, PortfolioID, InstrumentID) VALUES (14, 5, 14)
 16    INTO PortfolioInstruments (PortfolioInstrumentID, PortfolioID, InstrumentID) VALUES (15, 5, 15)
 17  SELECT * FROM dual;

15 rows created.

SQL> 
SQL> --Audittrail 27
SQL> 
SQL> INSERT ALL
  2    INTO AuditTrail (AuditID, UserID, Action, Timestamp) VALUES (1, 1, 'Login', SYSDATE)
  3    INTO AuditTrail (AuditID, UserID, Action, Timestamp) VALUES (2, 2, 'View Portfolio', SYSDATE)
  4    INTO AuditTrail (AuditID, UserID, Action, Timestamp) VALUES (3, 3, 'Update Account Settings', SYSDATE)
  5    INTO AuditTrail (AuditID, UserID, Action, Timestamp) VALUES (4, 4, 'Place Order', SYSDATE)
  6    INTO AuditTrail (AuditID, UserID, Action, Timestamp) VALUES (5, 5, 'Cancel Order', SYSDATE)
  7    INTO AuditTrail (AuditID, UserID, Action, Timestamp) VALUES (6, 6, 'Login', SYSDATE)
  8    INTO AuditTrail (AuditID, UserID, Action, Timestamp) VALUES (7, 7, 'Logout', SYSDATE)
  9    INTO AuditTrail (AuditID, UserID, Action, Timestamp) VALUES (8, 8, 'Update Profile', SYSDATE)
 10    INTO AuditTrail (AuditID, UserID, Action, Timestamp) VALUES (9, 9, 'Deposit Funds', SYSDATE)
 11    INTO AuditTrail (AuditID, UserID, Action, Timestamp) VALUES (10, 10, 'Withdraw Funds', SYSDATE)
 12    INTO AuditTrail (AuditID, UserID, Action, Timestamp) VALUES (11, 11, 'Change Password', SYSDATE)
 13    INTO AuditTrail (AuditID, UserID, Action, Timestamp) VALUES (12, 12, 'View Transaction History', SYSDATE)
 14    INTO AuditTrail (AuditID, UserID, Action, Timestamp) VALUES (13, 13, 'Create Watchlist', SYSDATE)
 15    INTO AuditTrail (AuditID, UserID, Action, Timestamp) VALUES (14, 14, 'Modify Watchlist', SYSDATE)
 16    INTO AuditTrail (AuditID, UserID, Action, Timestamp) VALUES (15, 15, 'Access Market Data', SYSDATE)
 17  SELECT * FROM dual;

15 rows created.

SQL> 
SQL> --MarketData 28
SQL> 
SQL> INSERT ALL
  2    INTO MarketData (DataID, InstrumentID, OpenPrice, ClosePrice, HighPrice, LowPrice, Timestamp) VALUES (1, 1, 150.00, 155.00, 160.00, 145.00, SYSDATE)
  3    INTO MarketData (DataID, InstrumentID, OpenPrice, ClosePrice, HighPrice, LowPrice, Timestamp) VALUES (2, 2, 250.00, 245.00, 255.00, 240.00, SYSDATE)
  4    INTO MarketData (DataID, InstrumentID, OpenPrice, ClosePrice, HighPrice, LowPrice, Timestamp) VALUES (3, 3, 75.00, 80.00, 85.00, 70.00, SYSDATE)
  5    INTO MarketData (DataID, InstrumentID, OpenPrice, ClosePrice, HighPrice, LowPrice, Timestamp) VALUES (4, 4, 300.00, 310.00, 320.00, 290.00, SYSDATE)
  6    INTO MarketData (DataID, InstrumentID, OpenPrice, ClosePrice, HighPrice, LowPrice, Timestamp) VALUES (5, 5, 500.00, 505.00, 510.00, 495.00, SYSDATE)
  7    INTO MarketData (DataID, InstrumentID, OpenPrice, ClosePrice, HighPrice, LowPrice, Timestamp) VALUES (6, 6, 200.00, 195.00, 205.00, 190.00, SYSDATE)
  8    INTO MarketData (DataID, InstrumentID, OpenPrice, ClosePrice, HighPrice, LowPrice, Timestamp) VALUES (7, 7, 450.00, 455.00, 460.00, 440.00, SYSDATE)
  9    INTO MarketData (DataID, InstrumentID, OpenPrice, ClosePrice, HighPrice, LowPrice, Timestamp) VALUES (8, 8, 50.00, 55.00, 60.00, 45.00, SYSDATE)
 10    INTO MarketData (DataID, InstrumentID, OpenPrice, ClosePrice, HighPrice, LowPrice, Timestamp) VALUES (9, 9, 600.00, 610.00, 620.00, 590.00, SYSDATE)
 11    INTO MarketData (DataID, InstrumentID, OpenPrice, ClosePrice, HighPrice, LowPrice, Timestamp) VALUES (10, 10, 350.00, 345.00, 355.00, 340.00, SYSDATE)
 12    INTO MarketData (DataID, InstrumentID, OpenPrice, ClosePrice, HighPrice, LowPrice, Timestamp) VALUES (11, 11, 400.00, 410.00, 420.00, 390.00, SYSDATE)
 13    INTO MarketData (DataID, InstrumentID, OpenPrice, ClosePrice, HighPrice, LowPrice, Timestamp) VALUES (12, 12, 100.00, 95.00, 105.00, 90.00, SYSDATE)
 14    INTO MarketData (DataID, InstrumentID, OpenPrice, ClosePrice, HighPrice, LowPrice, Timestamp) VALUES (13, 13, 550.00, 545.00, 555.00, 540.00, SYSDATE)
 15    INTO MarketData (DataID, InstrumentID, OpenPrice, ClosePrice, HighPrice, LowPrice, Timestamp) VALUES (14, 14, 650.00, 655.00, 660.00, 645.00, SYSDATE)
 16    INTO MarketData (DataID, InstrumentID, OpenPrice, ClosePrice, HighPrice, LowPrice, Timestamp) VALUES (15, 15, 700.00, 705.00, 710.00, 695.00, SYSDATE)
 17  SELECT * FROM dual;

15 rows created.

SQL> 
SQL> 
SQL> SQL> 
SQL> -- Restore the options to their default values. --
SQL> spool off
